molec_id	local_iso_id	nu	sw	a	gamma_air	gamma_self	elower	n_air	delta_air	statep	statepp	gp	gpp	nu-err	sw-err	gamma_air-err	gamma_self-err	n_air-err	delta_air-err	nu-ref	sw-ref	gamma_air-ref	gamma_self-ref	n_air-ref	delta_air-ref
5	1	2002.114985	1.322e-25	29.6	0.0457	0.047	3579.9751	0.67	-0.0035	ElecStateLabel=X;v=2;J=26	ElecStateLabel=X;v=1;J=27	53	55	4	7	6	6	2	3	1078	1077	226	226	226	228
5	1	2003.667981	1.518e-22	14.82	0.043	0.042	2023.3715	0.67	-0.0035	ElecStateLabel=X;v=1;J=31	ElecStateLabel=X;v=0;J=32	63	65	4	7	6	6	2	3	1078	1077	226	226	226	228
5	1	2003.977307	8.196e-29	44.65	0.05	0.054	5130.7926	0.67	-0.003217	ElecStateLabel=X;v=3;J=20	ElecStateLabel=X;v=2;J=21	41	43	4	6	7	6	6	5	1078	1077	226	226	226	1077
5	1	2006.783612	2.098e-25	29.82	0.0464	0.048	3477.5851	0.67	-0.0035	ElecStateLabel=X;v=2;J=25	ElecStateLabel=X;v=1;J=26	51	53	4	7	7	6	2	3	1078	1077	226	226	226	228
5	1	2008.421529	1.149e-28	44.99	0.051	0.055	5051.7432	0.67	-0.002867	ElecStateLabel=X;v=3;J=19	ElecStateLabel=X;v=2;J=20	39	41	4	6	7	6	6	5	1078	1077	226	226	226	1077
5	1	2008.525448	2.669e-22	14.93	0.0436	0.043	1901.1308	0.67	-0.0035	ElecStateLabel=X;v=1;J=30	ElecStateLabel=X;v=0;J=31	61	63	4	7	6	6	2	3	1078	1077	226	226	226	228
5	1	2011.421043	3.266e-25	30.05	0.0469	0.05	3378.9537	0.67	-0.0035	ElecStateLabel=X;v=2;J=24	ElecStateLabel=X;v=1;J=25	49	51	4	7	7	6	2	3	1078	1077	226	226	226	228
5	1	2012.833683	1.577e-28	45.34	0.0519	0.056	4976.438	0.67	-0.002825	ElecStateLabel=X;v=3;J=18	ElecStateLabel=X;v=2;J=19	37	39	4	6	7	6	6	5	1078	1077	226	226	226	1077
5	1	2013.352446	4.604e-22	15.05	0.0441	0.043	1782.6624	0.67	-0.0035	ElecStateLabel=X;v=1;J=29	ElecStateLabel=X;v=0;J=30	59	61	4	8	6	6	2	3	1078	1077	226	226	226	228
5	1	2016.027134	4.982e-25	30.27	0.0475	0.051	3284.0846	0.67	-0.0035	ElecStateLabel=X;v=2;J=23	ElecStateLabel=X;v=1;J=24	47	49	4	7	7	6	2	3	1078	1077	226	226	226	228
5	1	2017.213621	2.119e-28	45.7	0.0527	0.057	4904.8799	0.68	-0.002855	ElecStateLabel=X;v=3;J=17	ElecStateLabel=X;v=2;J=18	35	37	4	6	7	6	6	5	1078	1077	226	226	226	1077
5	1	2018.14883	7.789e-22	15.16	0.0446	0.045	1667.9709	0.67	-0.0035	ElecStateLabel=X;v=1;J=28	ElecStateLabel=X;v=0;J=29	57	59	4	8	6	6	2	3	1078	1077	226	226	226	228
5	1	2020.601738	7.449e-25	30.5	0.0483	0.052	3192.9815	0.67	-0.00298	ElecStateLabel=X;v=2;J=22	ElecStateLabel=X;v=1;J=23	45	47	4	7	7	6	2	3	1078	1077	226	226	226	228
5	1	2021.561199	2.788e-28	46.06	0.0535	0.058	4837.0717	0.69	-0.00279	ElecStateLabel=X;v=3;J=16	ElecStateLabel=X;v=2;J=17	33	35	4	6	7	6	6	5	1078	1077	226	226	226	1077
5	1	2022.914455	1.292e-21	15.27	0.0451	0.046	1557.0607	0.67	-0.0035	ElecStateLabel=X;v=1;J=27	ElecStateLabel=X;v=0;J=28	55	57	4	8	6	6	2	3	1078	1077	226	226	226	228
5	1	2025.144711	1.092e-24	30.73	0.0491	0.053	3105.6479	0.67	-0.00335	ElecStateLabel=X;v=2;J=21	ElecStateLabel=X;v=1;J=22	43	45	4	7	7	6	2	3	1078	1077	226	226	226	228
5	1	2025.876269	3.59e-28	46.44	0.0542	0.059	4773.0161	0.7	-0.002863	ElecStateLabel=X;v=3;J=15	ElecStateLabel=X;v=2;J=16	31	33	4	6	7	6	6	5	1078	1077	226	226	226	1077
5	1	2027.649176	2.102e-21	15.39	0.0457	0.047	1449.9359	0.67	-0.0035	ElecStateLabel=X;v=1;J=26	ElecStateLabel=X;v=0;J=27	53	55	4	8	6	6	2	3	1078	1077	226	226	226	228
5	1	2029.655904	1.567e-24	30.97	0.05	0.054	3022.0873	0.67	-0.00363	ElecStateLabel=X;v=2;J=20	ElecStateLabel=X;v=1;J=21	41	43	4	7	7	6	2	3	1078	1077	226	226	226	228
5	1	2030.158686	4.521e-28	46.83	0.0549	0.06	4712.7156	0.71	-0.0028	ElecStateLabel=X;v=3;J=14	ElecStateLabel=X;v=2;J=15	29	31	4	6	7	6	6	5	1078	1077	226	226	226	1077
5	1	2032.352848	3.351e-21	15.5	0.0464	0.048	1346.6008	0.67	-0.0035	ElecStateLabel=X;v=1;J=25	ElecStateLabel=X;v=0;J=26	51	53	4	8	7	6	2	3	1078	1077	226	226	226	228
5	1	2034.135174	2.204e-24	31.21	0.051	0.055	2942.3028	0.67	-0.00305	ElecStateLabel=X;v=2;J=19	ElecStateLabel=X;v=1;J=20	39	41	4	7	7	6	6	3	1078	1077	226	226	226	228
5	1	2034.408303	5.566e-28	47.24	0.0555	0.061	4656.1724	0.72	-0.002778	ElecStateLabel=X;v=3;J=13	ElecStateLabel=X;v=2;J=14	27	29	4	6	7	6	6	5	1078	1077	226	226	226	1077
5	1	2037.025324	5.239e-21	15.62	0.0469	0.05	1247.0592	0.67	-0.0035	ElecStateLabel=X;v=1;J=24	ElecStateLabel=X;v=0;J=25	49	51	4	8	7	6	2	3	1078	1077	226	226	226	228
5	1	2038.582374	3.036e-24	31.45	0.0519	0.056	2866.2975	0.67	-0.00341	ElecStateLabel=X;v=2;J=18	ElecStateLabel=X;v=1;J=19	37	39	4	7	7	6	6	3	1078	1077	226	226	226	228
5	1	2038.624974	6.693e-28	47.66	0.0561	0.061	4603.3889	0.73	-0.002718	ElecStateLabel=X;v=3;J=12	ElecStateLabel=X;v=2;J=13	25	27	4	6	7	6	6	5	1078	1077	226	226	226	1077
5	1	2041.66646	8.026e-21	15.73	0.0475	0.051	1151.315	0.67	-0.0035	ElecStateLabel=X;v=1;J=23	ElecStateLabel=X;v=0;J=24	47	49	4	8	7	6	2	3	1078	1077	226	226	226	228
5	1	2042.808552	7.856e-28	48.11	0.0567	0.062	4554.367	0.74	-0.00275	ElecStateLabel=X;v=3;J=11	ElecStateLabel=X;v=2;J=12	23	25	4	6	7	6	6	5	1078	1077	226	226	226	1077
5	1	2042.997357	4.094e-24	31.7	0.0527	0.057	2794.0743	0.68	-0.0035	ElecStateLabel=X;v=2;J=17	ElecStateLabel=X;v=1;J=18	35	37	4	7	7	6	6	3	1078	1077	226	226	226	228
5	1	2046.276109	1.205e-20	15.85	0.0483	0.052	1059.3718	0.67	-0.00298	ElecStateLabel=X;v=1;J=22	ElecStateLabel=X;v=0;J=23	45	47	4	8	7	6	2	3	1078	1077	226	226	226	228
5	1	2046.958891	8.991e-28	48.59	0.0573	0.063	4509.1088	0.75	-0.0027	ElecStateLabel=X;v=3;J=10	ElecStateLabel=X;v=2;J=11	21	23	4	6	7	6	6	5	1078	1077	226	226	226	1077
5	1	2047.379978	5.404e-24	31.95	0.0535	0.058	2725.6361	0.69	-0.00335	ElecStateLabel=X;v=2;J=16	ElecStateLabel=X;v=1;J=17	33	35	4	7	7	6	6	3	1078	1077	226	226	226	228
5	1	2050.854126	1.773e-20	15.97	0.0491	0.053	971.2332	0.67	-0.00335	ElecStateLabel=X;v=1;J=21	ElecStateLabel=X;v=0;J=22	43	45	4	8	7	6	2	3	1078	1077	226	226	226	228
5	1	2051.075844	1.002e-27	49.12	0.058	0.064	4467.6158	0.75	-0.002665	ElecStateLabel=X;v=3;J=9	ElecStateLabel=X;v=2;J=10	19	21	4	6	7	6	6	5	1078	1077	226	226	226	1077
5	1	2051.73009	6.978e-24	32.21	0.0542	0.059	2660.9855	0.7	-0.00329	ElecStateLabel=X;v=2;J=15	ElecStateLabel=X;v=1;J=16	31	33	4	7	7	6	6	3	1078	1077	226	226	226	228
5	1	2055.159265	1.085e-27	49.7	0.0589	0.066	4429.8898	0.75	-0.00261	ElecStateLabel=X;v=3;J=8	ElecStateLabel=X;v=2;J=9	17	19	4	6	7	6	6	5	1078	1077	226	226	226	1077
5	1	2055.400364	2.555e-20	16.1	0.05	0.054	886.9024	0.67	-0.00363	ElecStateLabel=X;v=1;J=20	ElecStateLabel=X;v=0;J=21	41	43	4	8	7	6	2	3	1078	1077	226	226	226	228
5	1	2056.047547	8.812e-24	32.48	0.0549	0.06	2600.1249	0.71	-0.00326	ElecStateLabel=X;v=2;J=14	ElecStateLabel=X;v=1;J=15	29	31	4	7	7	6	6	3	1078	1077	226	226	226	228
5	1	2059.209006	1.14e-27	50.36	0.0599	0.067	4395.9322	0.75	-0.00254	ElecStateLabel=X;v=3;J=7	ElecStateLabel=X;v=2;J=8	15	17	4	6	7	6	6	5	1078	1077	226	226	226	1077
5	1	2059.914677	3.607e-20	16.22	0.051	0.055	806.3828	0.67	-0.00305	ElecStateLabel=X;v=1;J=19	ElecStateLabel=X;v=0;J=20	39	41	4	8	7	6	6	3	1078	1077	226	226	226	228
5	1	2060.332203	1.088e-23	32.77	0.0555	0.061	2543.0567	0.72	-0.00335	ElecStateLabel=X;v=2;J=13	ElecStateLabel=X;v=1;J=14	27	29	4	7	7	6	6	3	1078	1077	226	226	226	228
5	1	2063.224922	1.158e-27	51.15	0.0612	0.069	4365.7443	0.75	-0.002472	ElecStateLabel=X;v=3;J=6	ElecStateLabel=X;v=2;J=7	13	15	4	6	7	6	6	5	1078	1077	226	226	226	1077
5	1	2064.39692	4.985e-20	16.35	0.0519	0.056	729.6774	0.67	-0.00341	ElecStateLabel=X;v=1;J=18	ElecStateLabel=X;v=0;J=19	37	39	4	8	7	6	6	3	1078	1077	226	226	226	228
5	1	2064.58391	1.311e-23	33.06	0.0561	0.061	2489.7831	0.73	-0.00351	ElecStateLabel=X;v=2;J=12	ElecStateLabel=X;v=1;J=13	25	27	4	7	7	6	6	3	1078	1077	226	226	226	228
5	1	2067.206865	1.13e-27	52.11	0.0629	0.07	4339.3274	0.74	-0.002358	ElecStateLabel=X;v=3;J=5	ElecStateLabel=X;v=2;J=6	11	13	4	6	7	6	6	5	1078	1077	226	226	226	1077
5	1	2068.802522	1.542e-23	33.37	0.0567	0.062	2440.3062	0.74	-0.00341	ElecStateLabel=X;v=2;J=11	ElecStateLabel=X;v=1;J=12	23	25	4	7	7	6	6	3	1078	1077	226	226	226	228
5	1	2068.846945	6.744e-20	16.48	0.0527	0.057	656.7892	0.68	-0.0035	ElecStateLabel=X;v=1;J=17	ElecStateLabel=X;v=0;J=18	35	37	4	8	7	6	6	3	1078	1077	226	226	226	228
5	1	2071.154689	1.054e-27	53.38	0.065	0.073	4316.6824	0.74	-0.002177	ElecStateLabel=X;v=3;J=4	ElecStateLabel=X;v=2;J=5	9	11	4	6	7	6	6	5	1078	1077	226	226	226	1077
5	1	2072.987893	1.769e-23	33.71	0.0573	0.063	2394.6279	0.75	-0.00362	ElecStateLabel=X;v=2;J=10	ElecStateLabel=X;v=1;J=11	21	23	4	7	7	6	6	3	1078	1077	226	226	226	228
5	1	2073.264607	8.929e-20	16.61	0.0535	0.058	587.7209	0.69	-0.00335	ElecStateLabel=X;v=1;J=16	ElecStateLabel=X;v=0;J=17	33	35	4	8	7	6	6	3	1078	1077	226	226	226	228
5	1	2075.068247	9.256e-28	55.22	0.0676	0.075	4297.8102	0.74	-0.001888	ElecStateLabel=X;v=3;J=3	ElecStateLabel=X;v=2;J=4	7	9	4	6	7	6	6	5	1078	1077	226	226	226	1077
5	1	2077.139876	1.975e-23	34.08	0.058	0.064	2352.7499	0.75	-0.00357	ElecStateLabel=X;v=2;J=9	ElecStateLabel=X;v=1;J=10	19	21	4	7	7	6	6	3	1078	1077	226	226	226	228
5	1	2077.649758	1.156e-19	16.74	0.0542	0.059	522.4751	0.7	-0.00329	ElecStateLabel=X;v=1;J=15	ElecStateLabel=X;v=0;J=16	31	33	4	8	7	6	6	3	1078	1077	226	226	226	228
5	1	2078.947391	7.485e-28	58.31	0.0709	0.079	4282.7116	0.74	-0.00153	ElecStateLabel=X;v=3;J=2	ElecStateLabel=X;v=2;J=3	5	7	4	6	7	6	6	5	1078	1077	226	226	226	1077
5	1	2081.258324	2.143e-23	34.48	0.0589	0.066	2314.6739	0.75	-0.00359	ElecStateLabel=X;v=2;J=8	ElecStateLabel=X;v=1;J=9	17	19	4	7	7	6	6	3	1078	1077	226	226	226	228
5	1	2082.002253	1.464e-19	16.89	0.0549	0.06	461.0544	0.71	-0.00326	ElecStateLabel=X;v=1;J=14	ElecStateLabel=X;v=0;J=15	29	31	4	8	7	6	6	3	1078	1077	226	226	226	228
5	1	2082.791976	5.282e-28	65.15	0.0748	0.082	4271.3871	0.75	-0.001335	ElecStateLabel=X;v=3;J=1	ElecStateLabel=X;v=2;J=2	3	5	4	6	7	6	6	5	1078	1077	226	226	226	1077
5	1	2085.34309	2.255e-23	34.94	0.0599	0.067	2280.4012	0.75	-0.00358	ElecStateLabel=X;v=2;J=7	ElecStateLabel=X;v=1;J=8	15	17	4	7	7	6	6	3	1078	1077	226	226	226	228
5	1	2086.321945	1.812e-19	17.03	0.0555	0.061	403.4612	0.72	-0.00335	ElecStateLabel=X;v=1;J=13	ElecStateLabel=X;v=0;J=14	27	29	4	8	7	6	6	3	1078	1077	226	226	226	228
5	1	2086.601854	2.745e-28	98.27	0.0797	0.086	4263.8372	0.76	-0.001262	ElecStateLabel=X;v=3;J=0	ElecStateLabel=X;v=2;J=1	1	3	4	6	7	6	6	5	1078	1077	226	226	226	1077
5	1	2089.394028	2.292e-23	35.48	0.0612	0.069	2249.9334	0.75	-0.00349	ElecStateLabel=X;v=2;J=6	ElecStateLabel=X;v=1;J=7	13	15	4	7	7	6	6	3	1078	1077	226	226	226	228
5	1	2090.608687	2.189e-19	17.19	0.0561	0.061	349.6975	0.73	-0.00351	ElecStateLabel=X;v=1;J=12	ElecStateLabel=X;v=0;J=13	25	27	4	8	7	6	6	3	1078	1077	226	226	226	228
5	1	2093.410991	2.241e-23	36.15	0.0629	0.07	2223.2714	0.74	-0.00344	ElecStateLabel=X;v=2;J=5	ElecStateLabel=X;v=1;J=6	11	13	4	7	7	6	6	3	1078	1077	226	226	226	228
5	1	2094.116902	2.806e-28	33.12	0.0797	0.086	4260.0622	0.76	-0.001793	ElecStateLabel=X;v=3;J=1	ElecStateLabel=X;v=2;J=0	3	1	4	6	7	6	6	5	1078	1077	226	226	226	1077
5	1	2094.862333	2.581e-19	17.35	0.0567	0.062	299.7656	0.74	-0.00341	ElecStateLabel=X;v=1;J=11	ElecStateLabel=X;v=0;J=12	23	25	4	8	7	6	6	3	1078	1077	226	226	226	228
5	1	2097.393832	2.091e-23	37.04	0.065	0.073	2200.4164	0.74	-0.00331	ElecStateLabel=X;v=2;J=4	ElecStateLabel=X;v=1;J=5	9	11	4	7	7	6	6	3	1078	1077	226	226	226	228
5	1	2097.821778	5.521e-28	39.96	0.0748	0.082	4263.8372	0.75	-0.001955	ElecStateLabel=X;v=3;J=2	ElecStateLabel=X;v=2;J=1	5	3	4	6	7	6	6	5	1078	1077	226	226	226	1077
5	1	2099.082735	2.967e-19	17.52	0.0573	0.063	253.6672	0.75	-0.00362	ElecStateLabel=X;v=1;J=10	ElecStateLabel=X;v=0;J=11	21	23	4	8	7	6	6	3	1078	1077	226	226	226	228
5	1	2101.342404	1.839e-23	38.31	0.0676	0.075	2181.3692	0.74	-0.00309	ElecStateLabel=X;v=2;J=3	ElecStateLabel=X;v=1;J=4	7	9	4	7	7	6	6	3	1078	1077	226	226	226	228
5	1	2101.49136	7.998e-28	43.04	0.0709	0.079	4271.3871	0.74	-0.00199	ElecStateLabel=X;v=3;J=3	ElecStateLabel=X;v=2;J=2	7	5	4	6	7	6	6	5	1078	1077	226	226	226	1077
5	1	2103.269747	3.319e-19	17.71	0.058	0.064	211.4041	0.75	-0.00357	ElecStateLabel=X;v=1;J=9	ElecStateLabel=X;v=0;J=10	19	21	4	8	7	6	6	3	1078	1077	226	226	226	228
5	1	2105.1255	1.011e-27	44.88	0.0676	0.075	4282.7116	0.74	-0.001938	ElecStateLabel=X;v=3;J=4	ElecStateLabel=X;v=2;J=3	9	7	4	6	7	6	6	5	1078	1077	226	226	226	1077
5	1	2105.25656	1.488e-23	40.46	0.0709	0.079	2166.1305	0.74	-0.00203	ElecStateLabel=X;v=2;J=2	ElecStateLabel=X;v=1;J=3	5	7	4	7	7	6	6	3	1078	1077	226	226	226	228
5	1	2107.423222	3.607e-19	17.93	0.0589	0.066	172.978	0.75	-0.00359	ElecStateLabel=X;v=1;J=8	ElecStateLabel=X;v=0;J=9	17	19	4	8	7	6	6	3	1078	1077	226	226	226	228
5	1	2108.724053	1.177e-27	46.14	0.065	0.073	4297.8102	0.74	-0.001847	ElecStateLabel=X;v=3;J=5	ElecStateLabel=X;v=2;J=4	11	9	4	6	7	6	6	5	1078	1077	226	226	226	1077
5	1	2109.136154	1.051e-23	45.21	0.0748	0.082	2154.701	0.75	-0.00266	ElecStateLabel=X;v=2;J=1	ElecStateLabel=X;v=1;J=2	3	5	4	7	7	6	6	3	1078	1077	226	226	226	228
5	1	2111.543014	3.801e-19	18.17	0.0599	0.067	138.3904	0.75	-0.00358	ElecStateLabel=X;v=1;J=7	ElecStateLabel=X;v=0;J=8	15	17	4	8	7	6	6	3	1078	1077	226	226	226	228
5	1	2112.286871	1.291e-27	47.09	0.0629	0.07	4316.6824	0.74	-0.001807	ElecStateLabel=X;v=3;J=6	ElecStateLabel=X;v=2;J=5	13	11	4	6	7	6	6	5	1078	1077	226	226	226	1077
5	1	2112.981038	5.463e-24	68.19	0.0797	0.086	2147.0811	0.76	-0.00301	ElecStateLabel=X;v=2;J=0	ElecStateLabel=X;v=1;J=1	1	3	4	7	7	6	6	3	1078	1077	226	226	226	228
5	1	2115.628975	3.87e-19	18.45	0.0612	0.069	107.6424	0.75	-0.00349	ElecStateLabel=X;v=1;J=6	ElecStateLabel=X;v=0;J=7	13	15	4	8	7	6	6	3	1078	1077	226	226	226	228
5	1	2115.813807	1.351e-27	47.86	0.0612	0.069	4339.3274	0.75	-0.001783	ElecStateLabel=X;v=3;J=7	ElecStateLabel=X;v=2;J=6	15	13	4	6	7	6	6	5	1078	1077	226	226	226	1077
5	1	2119.304715	1.361e-27	48.51	0.0599	0.067	4365.7443	0.75	-0.00176	ElecStateLabel=X;v=3;J=8	ElecStateLabel=X;v=2;J=7	17	15	4	6	7	6	6	5	1078	1077	226	226	226	1077
5	1	2119.680959	3.789e-19	18.8	0.0629	0.07	80.7354	0.74	-0.00344	ElecStateLabel=X;v=1;J=5	ElecStateLabel=X;v=0;J=6	11	13	4	8	7	6	6	3	1078	1077	226	226	226	228
5	1	2120.566089	5.586e-24	22.98	0.0797	0.086	2143.2711	0.76	-0.0021	ElecStateLabel=X;v=2;J=1	ElecStateLabel=X;v=1;J=0	3	1	4	7	7	6	6	3	1078	1077	226	226	226	228
5	1	2122.759447	1.324e-27	49.08	0.0589	0.066	4395.9322	0.75	-0.00171	ElecStateLabel=X;v=3;J=9	ElecStateLabel=X;v=2;J=8	19	17	4	6	7	6	6	5	1078	1077	226	226	226	1077
5	1	2123.698818	3.539e-19	19.26	0.065	0.073	57.6704	0.74	-0.00331	ElecStateLabel=X;v=1;J=4	ElecStateLabel=X;v=0;J=5	9	11	4	8	7	6	6	3	1078	1077	226	226	226	228
5	1	2124.305963	1.099e-23	27.73	0.0748	0.082	2147.0811	0.75	-0.0024	ElecStateLabel=X;v=2;J=2	ElecStateLabel=X;v=1;J=1	5	3	4	7	7	6	6	3	1078	1077	226	226	226	228
5	1	2126.177857	1.25e-27	49.59	0.058	0.064	4429.8898	0.75	-0.001685	ElecStateLabel=X;v=3;J=10	ElecStateLabel=X;v=2;J=9	21	19	4	6	7	6	6	5	1078	1077	226	226	226	1077
5	1	2127.682406	3.114e-19	19.92	0.0676	0.075	38.4481	0.74	-0.00309	ElecStateLabel=X;v=1;J=3	ElecStateLabel=X;v=0;J=4	7	9	4	8	7	6	6	3	1078	1077	226	226	226	228
5	1	2128.01054	1.591e-23	29.87	0.0709	0.079	2154.701	0.74	-0.00262	ElecStateLabel=X;v=2;J=3	ElecStateLabel=X;v=1;J=2	7	5	4	7	7	6	6	3	1078	1077	226	226	226	228
5	1	2129.559799	1.147e-27	50.06	0.0573	0.063	4467.6158	0.75	-0.00166	ElecStateLabel=X;v=3;J=11	ElecStateLabel=X;v=2;J=10	23	21	4	6	7	6	6	5	1078	1077	226	226	226	1077
5	1	2131.631576	2.522e-19	21.04	0.0709	0.079	23.0695	0.74	-0.00203	ElecStateLabel=X;v=1;J=2	ElecStateLabel=X;v=0;J=3	5	7	4	8	7	6	6	3	1078	1077	226	226	226	228
5	1	2131.679673	2.011e-23	31.14	0.0676	0.075	2166.1305	0.74	-0.00253	ElecStateLabel=X;v=2;J=4	ElecStateLabel=X;v=1;J=3	9	7	4	7	7	6	6	3	1078	1077	226	226	226	228
5	1	2132.905125	1.024e-27	50.49	0.0567	0.062	4509.1088	0.74	-0.00165	ElecStateLabel=X;v=3;J=12	ElecStateLabel=X;v=2;J=11	25	23	4	6	7	6	6	5	1078	1077	226	226	226	1077
5	1	2135.313215	2.339e-23	32.02	0.065	0.073	2181.3692	0.74	-0.00266	ElecStateLabel=X;v=2;J=5	ElecStateLabel=X;v=1;J=4	11	9	4	7	7	6	6	3	1078	1077	226	226	226	228
5	1	2135.54618	1.782e-19	23.51	0.0748	0.082	11.535	0.75	-0.00266	ElecStateLabel=X;v=1;J=1	ElecStateLabel=X;v=0;J=2	3	5	4	8	7	6	6	3	1078	1077	226	226	226	228
5	1	2136.213688	8.921e-28	50.89	0.0561	0.061	4554.367	0.73	-0.001707	ElecStateLabel=X;v=3;J=13	ElecStateLabel=X;v=2;J=12	27	25	4	6	7	6	6	5	1078	1077	226	226	226	1077
5	1	2138.91102	2.563e-23	32.69	0.0629	0.07	2200.4164	0.74	-0.00259	ElecStateLabel=X;v=2;J=6	ElecStateLabel=X;v=1;J=5	13	11	4	7	7	6	6	3	1078	1077	226	226	226	228
5	1	2139.426073	9.268e-20	35.46	0.0797	0.086	3.845	0.76	-0.00301	ElecStateLabel=X;v=1;J=0	ElecStateLabel=X;v=0;J=1	1	3	4	8	7	6	6	3	1078	1077	226	226	226	228
5	1	2139.485343	7.583e-28	51.27	0.0555	0.061	4603.3889	0.72	-0.001768	ElecStateLabel=X;v=3;J=14	ElecStateLabel=X;v=2;J=13	29	27	4	6	7	6	6	5	1078	1077	226	226	226	1077
5	1	2142.47294	2.681e-23	33.22	0.0612	0.069	2223.2714	0.75	-0.00254	ElecStateLabel=X;v=2;J=7	ElecStateLabel=X;v=1;J=6	15	13	4	7	7	6	6	3	1078	1077	226	226	226	228
5	1	2142.719943	6.298e-28	51.64	0.0549	0.06	4656.1724	0.71	-0.00182	ElecStateLabel=X;v=3;J=15	ElecStateLabel=X;v=2;J=14	31	29	4	6	7	6	6	5	1078	1077	226	226	226	1077
5	1	2145.917341	5.112e-28	51.99	0.0542	0.059	4712.7156	0.7	-0.001872	ElecStateLabel=X;v=3;J=16	ElecStateLabel=X;v=2;J=15	33	31	4	6	7	6	6	5	1078	1077	226	226	226	1077
5	1	2145.998829	2.697e-23	33.68	0.0599	0.067	2249.9334	0.75	-0.0026	ElecStateLabel=X;v=2;J=8	ElecStateLabel=X;v=1;J=7	17	15	4	7	7	6	6	3	1078	1077	226	226	226	228
5	1	2147.081134	9.48e-20	11.95	0.0797	0.086	0.0	0.76	-0.0021	ElecStateLabel=X;v=1;J=1	ElecStateLabel=X;v=0;J=0	3	1	4	8	7	6	6	3	1078	1077	226	226	226	228
5	1	2149.07739	4.059e-28	52.33	0.0535	0.058	4773.0161	0.69	-0.00207	ElecStateLabel=X;v=3;J=17	ElecStateLabel=X;v=2;J=16	35	33	4	6	7	6	6	5	1078	1077	226	226	226	1077
5	1	2149.48854	2.621e-23	34.07	0.0589	0.066	2280.4012	0.75	-0.00242	ElecStateLabel=X;v=2;J=9	ElecStateLabel=X;v=1;J=8	19	17	4	7	7	6	6	3	1078	1077	226	226	226	228
5	1	2150.856008	1.865e-19	14.42	0.0748	0.082	3.845	0.75	-0.0024	ElecStateLabel=X;v=1;J=2	ElecStateLabel=X;v=0;J=1	5	3	4	8	7	6	6	3	1078	1077	226	226	226	228
5	1	2152.199945	3.153e-28	52.66	0.0527	0.057	4837.0717	0.68	-0.002055	ElecStateLabel=X;v=3;J=18	ElecStateLabel=X;v=2;J=17	37	35	4	6	7	6	6	5	1078	1077	226	226	226	1077
5	1	2152.941927	2.47e-23	34.43	0.058	0.064	2314.6739	0.75	-0.00255	ElecStateLabel=X;v=2;J=10	ElecStateLabel=X;v=1;J=9	21	19	4	7	7	6	6	3	1078	1077	226	226	226	228
5	1	2154.595583	2.7e-19	15.54	0.0709	0.079	11.535	0.74	-0.00262	ElecStateLabel=X;v=1;J=3	ElecStateLabel=X;v=0;J=2	7	5	4	8	7	6	6	3	1078	1077	226	226	226	228
5	1	2155.284858	2.398e-28	52.97	0.0519	0.056	4904.8799	0.67	-0.002225	ElecStateLabel=X;v=3;J=19	ElecStateLabel=X;v=2;J=18	39	37	4	6	7	6	6	5	1078	1077	226	226	226	1077
5	1	2156.358842	2.262e-23	34.75	0.0573	0.063	2352.7499	0.75	-0.00254	ElecStateLabel=X;v=2;J=11	ElecStateLabel=X;v=1;J=10	23	21	4	7	7	6	6	3	1078	1077	226	226	226	228
5	1	2158.299712	3.41e-19	16.2	0.0676	0.075	23.0695	0.74	-0.00253	ElecStateLabel=X;v=1;J=4	ElecStateLabel=X;v=0;J=3	9	7	4	8	7	6	6	3	1078	1077	226	226	226	228
5	1	2158.331984	1.786e-28	53.28	0.051	0.055	4976.438	0.67	-0.002318	ElecStateLabel=X;v=3;J=20	ElecStateLabel=X;v=2;J=19	41	39	4	6	7	6	6	5	1078	1077	226	226	226	1077
5	1	2159.73914	2.017e-23	35.05	0.0567	0.062	2394.6279	0.74	-0.0025	ElecStateLabel=X;v=2;J=12	ElecStateLabel=X;v=1;J=11	25	23	4	7	7	6	6	3	1078	1077	226	226	226	228
5	1	2161.341176	1.303e-28	53.59	0.05	0.054	5051.7432	0.67	-0.002228	ElecStateLabel=X;v=3;J=21	ElecStateLabel=X;v=2;J=20	43	41	4	6	7	6	6	5	1078	1077	226	226	226	1077
5	1	2161.968247	3.963e-19	16.65	0.065	0.073	38.4481	0.74	-0.00266	ElecStateLabel=X;v=1;J=5	ElecStateLabel=X;v=0;J=4	11	9	4	8	7	6	6	3	1078	1077	226	226	226	228
5	1	2163.082673	1.753e-23	35.33	0.0561	0.061	2440.3062	0.73	-0.00258	ElecStateLabel=X;v=2;J=13	ElecStateLabel=X;v=1;J=12	27	25	4	7	7	6	6	3	1078	1077	226	226	226	228
5	1	2164.312288	9.308e-29	53.88	0.0491	0.053	5130.7926	0.67	-0.003005	ElecStateLabel=X;v=3;J=22	ElecStateLabel=X;v=2;J=21	45	43	4	6	7	6	6	5	1078	1077	226	226	226	1077
5	1	2165.601042	4.34e-19	17.0	0.0629	0.07	57.6704	0.74	-0.00259	ElecStateLabel=X;v=1;J=6	ElecStateLabel=X;v=0;J=5	13	11	4	8	7	6	6	3	1078	1077	226	226	226	228
5	1	2166.389295	1.487e-23	35.6	0.0555	0.061	2489.7831	0.72	-0.00259	ElecStateLabel=X;v=2;J=14	ElecStateLabel=X;v=1;J=13	29	27	4	7	7	6	6	3	1078	1077	226	226	226	228
5	1	2167.245173	6.518e-29	54.17	0.0483	0.052	5213.5832	0.67	-0.002712	ElecStateLabel=X;v=3;J=23	ElecStateLabel=X;v=2;J=22	47	45	4	6	7	6	6	5	1078	1077	226	226	226	1077
5	1	2169.19795	4.535e-19	17.28	0.0612	0.069	80.7354	0.75	-0.00254	ElecStateLabel=X;v=1;J=7	ElecStateLabel=X;v=0;J=6	15	13	4	8	7	6	6	3	1078	1077	226	226	226	228
5	1	2169.65886	1.232e-23	35.86	0.0549	0.06	2543.0567	0.71	-0.00264	ElecStateLabel=X;v=2;J=15	ElecStateLabel=X;v=1;J=14	31	29	4	7	7	6	6	3	1078	1077	226	226	226	228
5	1	2170.139686	4.474e-29	54.46	0.0475	0.051	5300.1117	0.67	-0.002712	ElecStateLabel=X;v=3;J=24	ElecStateLabel=X;v=2;J=23	49	47	4	6	7	6	6	5	1078	1077	226	226	226	1077
5	1	2172.758825	4.556e-19	17.52	0.0599	0.067	107.6424	0.75	-0.0026	ElecStateLabel=X;v=1;J=8	ElecStateLabel=X;v=0;J=7	17	15	4	8	7	6	6	3	1078	1077	226	226	226	228
5	1	2172.891222	9.978e-24	36.1	0.0542	0.059	2600.1249	0.7	-0.00269	ElecStateLabel=X;v=2;J=16	ElecStateLabel=X;v=1;J=15	33	31	4	7	7	6	6	3	1078	1077	226	226	226	228
5	1	2172.995681	3.01e-29	54.74	0.0469	0.05	5390.3747	0.67	-0.002712	ElecStateLabel=X;v=3;J=25	ElecStateLabel=X;v=2;J=24	51	49	4	6	7	6	6	5	1078	1077	226	226	226	1077
5	1	2175.813011	1.986e-29	55.01	0.0464	0.048	5484.3687	0.67	-0.002712	ElecStateLabel=X;v=3;J=26	ElecStateLabel=X;v=2;J=25	53	51	4	6	7	6	6	5	1078	1077	226	226	226	1077
5	1	2176.086233	7.901e-24	36.34	0.0535	0.058	2660.9855	0.69	-0.00274	ElecStateLabel=X;v=2;J=17	ElecStateLabel=X;v=1;J=16	35	33	4	7	7	6	6	3	1078	1077	226	226	226	228
5	1	2176.283519	4.423e-19	17.72	0.0589	0.066	138.3904	0.75	-0.00242	ElecStateLabel=X;v=1;J=9	ElecStateLabel=X;v=0;J=8	19	17	4	8	7	6	6	3	1078	1077	226	226	226	228
5	1	2178.591531	1.285e-29	55.28	0.0457	0.047	5582.0901	0.67	-0.002712	ElecStateLabel=X;v=3;J=27	ElecStateLabel=X;v=2;J=26	55	53	4	6	7	6	6	5	1078	1077	226	226	226	1077
5	1	2179.243748	6.121e-24	36.57	0.0527	0.057	2725.6361	0.68	-0.00287	ElecStateLabel=X;v=2;J=18	ElecStateLabel=X;v=1;J=17	37	35	4	7	7	6	6	3	1078	1077	226	226	226	228
5	1	2179.771887	4.162e-19	17.91	0.058	0.064	172.978	0.75	-0.00255	ElecStateLabel=X;v=1;J=10	ElecStateLabel=X;v=0;J=9	21	19	4	8	7	6	6	3	1078	1077	226	226	226	228
5	1	2181.331094	8.149e-30	55.55	0.0451	0.046	5683.5351	0.67	-0.002712	ElecStateLabel=X;v=3;J=28	ElecStateLabel=X;v=2;J=27	57	55	4	6	7	6	6	5	1078	1077	226	226	226	1077
5	1	2182.36362	4.641e-24	36.79	0.0519	0.056	2794.0743	0.67	-0.00265	ElecStateLabel=X;v=2;J=19	ElecStateLabel=X;v=1;J=18	39	37	4	7	7	6	6	3	1078	1077	226	226	226	228
5	1	2183.223781	3.805e-19	18.08	0.0573	0.063	211.4041	0.75	-0.00254	ElecStateLabel=X;v=1;J=11	ElecStateLabel=X;v=0;J=10	23	21	4	8	7	6	6	3	1078	1077	226	226	226	228
5	1	2184.031555	5.071e-30	55.81	0.0446	0.045	5788.6996	0.67	-0.002712	ElecStateLabel=X;v=3;J=29	ElecStateLabel=X;v=2;J=28	59	57	4	6	7	6	6	5	1078	1077	226	226	226	1077
5	1	2185.445703	3.445e-24	37.01	0.051	0.055	2866.2975	0.67	-0.00279	ElecStateLabel=X;v=2;J=20	ElecStateLabel=X;v=1;J=19	41	39	4	7	7	6	6	3	1078	1077	226	226	226	228
5	1	2186.639055	3.387e-19	18.24	0.0567	0.062	253.6672	0.74	-0.0025	ElecStateLabel=X;v=1;J=12	ElecStateLabel=X;v=0;J=11	25	23	4	8	7	6	6	3	1078	1077	226	226	226	228
5	1	2186.692768	3.095e-30	56.07	0.0441	0.043	5897.5796	0.67	-0.002712	ElecStateLabel=X;v=3;J=30	ElecStateLabel=X;v=2;J=29	61	59	4	6	7	6	6	5	1078	1077	226	226	226	1077
5	1	2188.489851	2.504e-24	37.22	0.05	0.054	2942.3028	0.67	-0.00313	ElecStateLabel=X;v=2;J=21	ElecStateLabel=X;v=1;J=20	43	41	4	7	7	6	2	3	1078	1077	226	226	226	228
5	1	2189.314587	1.853e-30	56.33	0.0436	0.043	6010.1709	0.67	-0.002712	ElecStateLabel=X;v=3;J=31	ElecStateLabel=X;v=2;J=30	63	61	4	5	7	6	6	5	1078	1077	226	226	226	1077
5	1	2190.017563	2.938e-19	18.38	0.0561	0.061	299.7656	0.73	-0.00258	ElecStateLabel=X;v=1;J=13	ElecStateLabel=X;v=0;J=12	27	25	4	8	7	6	6	3	1078	1077	226	226	226	228
5	1	2191.495919	1.783e-24	37.43	0.0491	0.053	3022.0873	0.67	-0.00314	ElecStateLabel=X;v=2;J=22	ElecStateLabel=X;v=1;J=21	45	43	4	7	7	6	2	3	1078	1077	226	226	226	228
5	1	2191.896867	1.089e-30	56.58	0.043	0.042	6126.4691	0.67	-0.002712	ElecStateLabel=X;v=3;J=32	ElecStateLabel=X;v=2;J=31	65	63	4	5	7	6	6	5	1078	1077	226	226	226	1077
5	1	2193.359157	2.487e-19	18.52	0.0555	0.061	349.6975	0.72	-0.00259	ElecStateLabel=X;v=1;J=14	ElecStateLabel=X;v=0;J=13	29	27	4	8	7	6	6	3	1078	1077	226	226	226	228
5	1	2194.439462	6.275e-31	56.83	0.0425	0.041	6246.4695	0.67	-0.002712	ElecStateLabel=X;v=3;J=33	ElecStateLabel=X;v=2;J=32	67	65	4	5	7	6	6	5	1078	1077	226	226	226	1077
5	1	2194.463759	1.244e-24	37.63	0.0483	0.052	3105.6479	0.67	-0.00278	ElecStateLabel=X;v=2;J=23	ElecStateLabel=X;v=1;J=22	47	45	4	7	7	6	2	3	1078	1077	226	226	226	228
5	1	2196.663693	2.056e-19	18.66	0.0549	0.06	403.4612	0.71	-0.00264	ElecStateLabel=X;v=1;J=15	ElecStateLabel=X;v=0;J=14	31	29	4	8	7	6	6	3	1078	1077	226	226	226	228
5	1	2196.942226	3.549e-31	57.07	0.042	0.041	6370.1677	0.67	-0.002712	ElecStateLabel=X;v=3;J=34	ElecStateLabel=X;v=2;J=33	69	67	4	5	7	6	6	5	1078	1077	226	226	226	1077
5	1	2197.393227	8.508e-25	37.83	0.0475	0.051	3192.9815	0.67	-0.00288	ElecStateLabel=X;v=2;J=24	ElecStateLabel=X;v=1;J=23	49	47	4	7	7	6	2	3	1078	1077	226	226	226	228
5	1	2199.405015	1.97e-31	57.31	0.042	0.041	6497.5586	0.67	-0.002712	ElecStateLabel=X;v=3;J=35	ElecStateLabel=X;v=2;J=34	71	69	4	5	7	6	6	5	1078	1077	226	226	226	1077
5	1	2199.931023	1.66e-19	18.79	0.0542	0.059	461.0544	0.7	-0.00269	ElecStateLabel=X;v=1;J=16	ElecStateLabel=X;v=0;J=15	33	31	4	8	7	6	6	3	1078	1077	226	226	226	228
5	1	2200.284176	5.701e-25	38.03	0.0469	0.05	3284.0846	0.67	-0.00268	ElecStateLabel=X;v=2;J=25	ElecStateLabel=X;v=1;J=24	51	49	4	7	7	6	2	3	1078	1077	226	226	226	228
5	1	2201.827683	1.073e-31	57.55	0.042	0.041	6628.6374	0.67	-0.002712	ElecStateLabel=X;v=3;J=36	ElecStateLabel=X;v=2;J=35	73	71	4	5	7	6	6	5	1078	1077	226	226	226	1077
5	1	2203.13646	3.745e-25	38.22	0.0464	0.048	3378.9537	0.67	-0.003	ElecStateLabel=X;v=2;J=26	ElecStateLabel=X;v=1;J=25	53	51	4	7	7	6	2	3	1078	1077	226	226	226	228
5	1	2203.161001	1.311e-19	18.91	0.0535	0.058	522.4751	0.69	-0.00274	ElecStateLabel=X;v=1;J=17	ElecStateLabel=X;v=0;J=16	35	33	4	8	7	6	6	3	1078	1077	226	226	226	228
5	1	2205.949934	2.412e-25	38.41	0.0457	0.047	3477.5851	0.67	-0.003	ElecStateLabel=X;v=2;J=27	ElecStateLabel=X;v=1;J=26	55	53	4	7	6	6	2	3	1078	1077	226	226	226	228
5	1	2206.353482	1.013e-19	19.03	0.0527	0.057	587.7209	0.68	-0.00287	ElecStateLabel=X;v=1;J=18	ElecStateLabel=X;v=0;J=17	37	35	4	8	7	6	6	3	1078	1077	226	226	226	228
5	1	2208.724452	1.523e-25	38.6	0.0451	0.046	3579.9751	0.67	-0.003	ElecStateLabel=X;v=2;J=28	ElecStateLabel=X;v=1;J=27	57	55	4	7	6	6	2	3	1078	1077	226	226	226	228
5	1	2209.508319	7.657e-20	19.15	0.0519	0.056	656.7892	0.67	-0.00265	ElecStateLabel=X;v=1;J=19	ElecStateLabel=X;v=0;J=18	39	37	4	8	7	6	6	3	1078	1077	226	226	226	228
5	1	2211.459869	9.435e-26	38.79	0.0446	0.045	3686.1198	0.67	-0.003	ElecStateLabel=X;v=2;J=29	ElecStateLabel=X;v=1;J=28	59	57	4	7	6	6	2	3	1078	1077	226	226	226	228
5	1	2212.625365	5.666e-20	19.26	0.051	0.055	729.6774	0.67	-0.00279	ElecStateLabel=X;v=1;J=20	ElecStateLabel=X;v=0;J=19	41	39	4	8	7	6	6	3	1078	1077	226	226	226	228
5	1	2214.156039	5.731e-26	38.97	0.0441	0.043	3796.0149	0.67	-0.003	ElecStateLabel=X;v=2;J=30	ElecStateLabel=X;v=1;J=29	61	59	4	7	6	6	2	3	1078	1077	226	226	226	228
5	1	2215.704476	4.105e-20	19.37	0.05	0.054	806.3828	0.67	-0.00313	ElecStateLabel=X;v=1;J=21	ElecStateLabel=X;v=0;J=20	43	41	4	8	7	6	2	3	1078	1077	226	226	226	228
5	1	2216.812816	3.414e-26	39.15	0.0436	0.043	3909.6562	0.67	-0.003	ElecStateLabel=X;v=2;J=31	ElecStateLabel=X;v=1;J=30	63	61	4	6	6	6	2	3	1078	1077	226	226	226	228
5	1	2218.745505	2.913e-20	19.48	0.0491	0.053	886.9024	0.67	-0.00314	ElecStateLabel=X;v=1;J=22	ElecStateLabel=X;v=0;J=21	45	43	4	8	7	6	2	3	1078	1077	226	226	226	228
5	1	2219.430056	1.995e-26	39.33	0.043	0.042	4027.0395	0.67	-0.003	ElecStateLabel=X;v=2;J=32	ElecStateLabel=X;v=1;J=31	65	63	4	6	6	6	2	3	1078	1077	226	226	226	228
5	1	2221.748306	2.025e-20	19.59	0.0483	0.052	971.2332	0.67	-0.00278	ElecStateLabel=X;v=1;J=23	ElecStateLabel=X;v=0;J=22	47	45	4	8	7	6	2	3	1078	1077	226	226	226	228
5	1	2222.007612	1.144e-26	39.5	0.0425	0.041	4148.1601	0.67	-0.003	ElecStateLabel=X;v=2;J=33	ElecStateLabel=X;v=1;J=32	67	65	4	6	6	6	2	3	1078	1077	226	226	226	228
5	1	2224.545341	6.435e-27	39.68	0.042	0.041	4273.0133	0.67	-0.003	ElecStateLabel=X;v=2;J=34	ElecStateLabel=X;v=1;J=33	69	67	4	6	6	6	2	3	1078	1077	226	226	226	228
5	1	2224.712734	1.379e-20	19.7	0.0475	0.051	1059.3718	0.67	-0.00288	ElecStateLabel=X;v=1;J=24	ElecStateLabel=X;v=0;J=23	49	47	4	8	7	6	2	3	1078	1077	226	226	226	228
5	1	2227.043097	3.551e-27	39.85	0.042	0.041	4401.5943	0.67	-0.003	ElecStateLabel=X;v=2;J=35	ElecStateLabel=X;v=1;J=34	71	69	4	6	6	6	2	3	1078	1077	226	226	226	228
5	1	2227.638643	9.206e-21	19.8	0.0469	0.05	1151.315	0.67	-0.00268	ElecStateLabel=X;v=1;J=25	ElecStateLabel=X;v=0;J=24	51	49	4	8	7	6	2	3	1078	1077	226	226	226	228
5	1	2229.500734	1.923e-27	40.02	0.042	0.041	4533.8983	0.67	-0.003	ElecStateLabel=X;v=2;J=36	ElecStateLabel=X;v=1;J=35	73	71	4	6	6	2	2	3	1078	1077	226	226	226	228
5	1	2230.525888	6.022e-21	19.9	0.0464	0.048	1247.0592	0.67	-0.003	ElecStateLabel=X;v=1;J=26	ElecStateLabel=X;v=0;J=25	53	51	4	8	7	6	2	3	1078	1077	226	226	226	228
5	1	2231.918108	1.022e-27	40.18	0.042	0.041	4669.92	0.67	-0.003	ElecStateLabel=X;v=2;J=37	ElecStateLabel=X;v=1;J=36	75	73	4	6	6	2	2	3	1078	1077	226	226	226	228
5	1	2233.374323	3.862e-21	20.0	0.0457	0.047	1346.6008	0.67	-0.003	ElecStateLabel=X;v=1;J=27	ElecStateLabel=X;v=0;J=26	55	53	4	8	6	6	2	3	1078	1077	226	226	226	228
5	1	2234.295073	5.331e-28	40.35	0.042	0.041	4809.6541	0.67	-0.003	ElecStateLabel=X;v=2;J=38	ElecStateLabel=X;v=1;J=37	77	75	4	6	6	2	2	3	1078	1077	226	226	226	228
5	1	2236.183803	2.428e-21	20.1	0.0451	0.046	1449.9359	0.67	-0.003	ElecStateLabel=X;v=1;J=28	ElecStateLabel=X;v=0;J=27	57	55	4	8	6	6	2	3	1078	1077	226	226	226	228
5	1	2236.631486	2.729e-28	40.51	0.042	0.041	4953.0954	0.67	-0.003	ElecStateLabel=X;v=2;J=39	ElecStateLabel=X;v=1;J=38	79	77	4	6	6	2	2	3	1078	1077	226	226	226	228
5	1	2238.9272	1.371e-28	40.67	0.042	0.041	5100.2382	0.67	-0.003	ElecStateLabel=X;v=2;J=40	ElecStateLabel=X;v=1;J=39	81	79	4	6	6	2	2	3	1078	1077	226	226	226	228
5	1	2238.954182	1.497e-21	20.2	0.0446	0.045	1557.0607	0.67	-0.003	ElecStateLabel=X;v=1;J=29	ElecStateLabel=X;v=0;J=28	59	57	4	8	6	6	2	3	1078	1077	226	226	226	228
5	1	2241.182072	6.761e-29	40.83	0.042	0.041	5251.0769	0.67	-0.003	ElecStateLabel=X;v=2;J=41	ElecStateLabel=X;v=1;J=40	83	81	4	6	6	2	2	3	1078	1077	226	226	226	228
5	1	2241.685315	9.046e-22	20.3	0.0441	0.043	1667.9709	0.67	-0.003	ElecStateLabel=X;v=1;J=30	ElecStateLabel=X;v=0;J=29	61	59	4	8	6	6	2	3	1078	1077	226	226	226	228
5	1	2243.395957	3.273e-29	40.98	0.042	0.041	5405.6056	0.67	-0.003	ElecStateLabel=X;v=2;J=42	ElecStateLabel=X;v=1;J=41	85	83	4	6	6	2	2	3	1078	1077	226	226	226	228
5	1	2244.377056	5.362e-22	20.39	0.0436	0.043	1782.6624	0.67	-0.003	ElecStateLabel=X;v=1;J=31	ElecStateLabel=X;v=0;J=30	63	61	4	7	6	6	2	3	1078	1077	226	226	226	228
5	1	2245.56871	1.555e-29	41.14	0.042	0.041	5563.8184	0.67	-0.003	ElecStateLabel=X;v=2;J=43	ElecStateLabel=X;v=1;J=42	87	85	4	6	6	2	2	3	1078	1077	226	226	226	228
5	1	2247.029262	3.117e-22	20.48	0.043	0.042	1901.1308	0.67	-0.003	ElecStateLabel=X;v=1;J=32	ElecStateLabel=X;v=0;J=31	65	63	4	7	6	6	2	3	1078	1077	226	226	226	228
5	1	2247.700187	7.257e-30	41.29	0.042	0.041	5725.709	0.67	-0.003	ElecStateLabel=X;v=2;J=44	ElecStateLabel=X;v=1;J=43	89	87	4	6	6	2	2	3	1078	1077	226	226	226	228
5	1	2249.641788	1.778e-22	20.58	0.0425	0.041	2023.3715	0.67	-0.003	ElecStateLabel=X;v=1;J=33	ElecStateLabel=X;v=0;J=32	67	65	4	7	6	6	2	3	1078	1077	226	226	226	228
5	1	2249.790242	3.324e-30	41.44	0.042	0.041	5891.2714	0.67	-0.003	ElecStateLabel=X;v=2;J=45	ElecStateLabel=X;v=1;J=44	91	89	4	6	6	2	2	3	1078	1077	226	226	226	228
5	1	2251.838733	1.495e-30	41.59	0.042	0.041	6060.499	0.67	-0.003	ElecStateLabel=X;v=2;J=46	ElecStateLabel=X;v=1;J=45	93	91	4	6	6	2	2	3	1078	1077	226	226	226	228
5	1	2252.214487	9.944e-23	20.67	0.042	0.041	2149.3799	0.67	-0.003	ElecStateLabel=X;v=1;J=34	ElecStateLabel=X;v=0;J=33	69	67	4	7	6	6	2	3	1078	1077	226	226	226	228
5	1	2253.845514	6.602e-31	41.74	0.042	0.041	6233.3853	0.67	-0.003	ElecStateLabel=X;v=2;J=47	ElecStateLabel=X;v=1;J=46	95	93	4	6	6	2	2	3	1078	1077	226	226	226	228
5	1	2254.747216	5.457e-23	20.76	0.042	0.041	2279.1511	0.67	-0.003	ElecStateLabel=X;v=1;J=35	ElecStateLabel=X;v=0;J=34	71	69	4	7	6	6	2	3	1078	1077	226	226	226	228
5	1	2255.810441	2.863e-31	41.88	0.042	0.041	6409.9236	0.67	-0.003	ElecStateLabel=X;v=2;J=48	ElecStateLabel=X;v=1;J=47	97	95	4	6	6	2	2	3	1078	1077	226	226	226	228
5	1	2257.239829	2.938e-23	20.85	0.042	0.041	2412.6801	0.67	-0.003	ElecStateLabel=X;v=1;J=36	ElecStateLabel=X;v=0;J=35	73	71	4	7	6	2	2	3	1078	1077	226	226	226	228
5	1	2257.73337	1.219e-31	42.02	0.042	0.041	6590.1071	0.67	-0.003	ElecStateLabel=X;v=2;J=49	ElecStateLabel=X;v=1;J=48	99	97	4	6	6	2	2	3	1078	1077	226	226	226	228
5	1	2259.692183	1.552e-23	20.94	0.042	0.041	2549.962	0.67	-0.003	ElecStateLabel=X;v=1;J=37	ElecStateLabel=X;v=0;J=36	75	73	4	7	6	2	2	3	1078	1077	226	226	226	228
5	1	2262.104132	8.044e-24	21.02	0.042	0.041	2690.9913	0.67	-0.003	ElecStateLabel=X;v=1;J=38	ElecStateLabel=X;v=0;J=37	77	75	4	7	6	2	2	3	1078	1077	226	226	226	228
5	1	2264.475532	4.091e-24	21.11	0.042	0.041	2835.7627	0.67	-0.003	ElecStateLabel=X;v=1;J=39	ElecStateLabel=X;v=0;J=38	79	77	4	7	6	2	2	3	1078	1077	226	226	226	228
5	1	2266.806239	2.042e-24	21.2	0.042	0.041	2984.2707	0.67	-0.003	ElecStateLabel=X;v=1;J=40	ElecStateLabel=X;v=0;J=39	81	79	4	7	6	2	2	3	1078	1077	226	226	226	228
5	1	2269.096108	1e-24	21.28	0.042	0.041	3136.5095	0.67	-0.003	ElecStateLabel=X;v=1;J=41	ElecStateLabel=X;v=0;J=40	83	81	4	7	6	2	2	3	1078	1077	226	226	226	228
